Starting project at C:\Users\valexander\leaguebound-fresh
Starting Metro Bundler
warning: Bundler cache is empty, rebuilding (this may take a minute)
Waiting on http://localhost:8088
Logs for your project will appear below.
iOS .\index.ts ▓▓▓▓░░░░░░░░░░░░ 28.0% ( 9/17)
iOS .\index.ts ▓▓▓▓▓▓▓▓░░░░░░░░ 52.2% (13/18)
iOS .\index.ts ▓▓▓▓▓▓▓▓▓░░░░░░░ 60.5% ( 82/227)
iOS .\index.ts ▓▓▓▓▓▓▓▓▓░░░░░░░ 60.5% (144/311)
iOS .\index.ts ▓▓▓▓▓▓▓▓▓░░░░░░░ 60.5% (323/494)
iOS .\index.ts ▓▓▓▓▓▓▓▓▓░░░░░░░ 60.5% (429/560)
iOS .\index.ts ▓▓▓▓▓▓▓▓▓▓▓▓░░░░ 80.7% (577/644)
iOS .\index.ts ▓▓▓▓▓▓▓▓▓▓▓▓▓▓░░ 87.7% (652/726)
iOS .\index.ts ▓▓▓▓▓▓▓▓▓▓▓▓▓▓░░ 87.7% (724/822)
iOS .\index.ts ▓▓▓▓▓▓▓▓▓▓▓▓▓▓░░ 87.7% (777/869)
iOS .\index.ts ▓▓▓▓▓▓▓▓▓▓▓▓▓▓░░ 87.7% (863/923)
iOS .\index.ts ▓▓▓▓▓▓▓▓▓▓▓▓▓▓░░ 91.9% ( 949/1000)
iOS .\index.ts ▓▓▓▓▓▓▓▓▓▓▓▓▓▓▓░ 99.8% (1125/1126)
iOS .\index.ts ▓▓▓▓▓▓▓▓▓▓▓▓▓▓▓░ 99.9% (1136/1136)
iOS Bundled 48327ms index.ts (1136 modules)
